{
  "Resources": {
    "BaseFunctionServiceRole9D84751B": {
      "Type": "AWS::IAM::Role",
      "Properties": {
        "AssumeRolePolicyDocument": {
          "Statement": [
            {
              "Action": "sts:AssumeRole",
              "Effect": "Allow",
              "Principal": {
                "Service": "lambda.amazonaws.com"
              }
            }
          ],
          "Version": "2012-10-17"
        },
        "ManagedPolicyArns": [
          {
            "Fn::Join": [
              "",
              [
                "arn:",
                {
                  "Ref": "AWS::Partition"
                },
                ":iam::aws:policy/service-role/AWSLambdaBasicExecutionRole"
              ]
            ]
          }
        ]
      }
    },
    "BaseFunction2720903A": {
      "Type": "AWS::Lambda::Function",
      "Properties": {
        "Code": {
          "ZipFile": "foo"
        },
        "Handler": "index.handler",
        "Role": {
          "Fn::GetAtt": [
            "BaseFunctionServiceRole9D84751B",
            "Arn"
          ]
        },
        "Runtime": "nodejs10.x"
      },
      "DependsOn": [
        "BaseFunctionServiceRole9D84751B"
      ]
    },
    "iFuncA576B2A7": {
      "Type": "AWS::Lambda::Permission",
      "Properties": {
        "Action": "lambda:InvokeFunction",
        "FunctionName": {
          "Fn::GetAtt": [
            "BaseFunction2720903A",
            "Arn"
          ]
        },
        "Principal": "cloudformation.amazonaws.com"
      }
    }
  }
}